// Jest Snapshot v1, https://goo.gl/fbAQLP

exports[`App.vue increments counter 1`] = `
<div id="app-container">
  <div class="row">
    <div class="date-picker"><input type="date"></div>
  </div>
  <div class="row">
    <div class="col"><select class="select-currency">
        <option value="USD">
          USD
        </option>
        <option value="EUR">
          EUR
        </option>
        <option value="NOK">
          NOK
        </option>
        <option value="HRK">
          HRK
        </option>
        <option value="GBP">
          GBP
        </option>
        <option value="RUB">
          RUB
        </option>
        <option value="AUD">
          AUD
        </option>
        <option value="CZK">
          CZK
        </option>
        <option value="INR">
          INR
        </option>
        <option value="JPY">
          JPY
        </option>
        <option value="CNY">
          CNY
        </option>
      </select> <input type="text" class="input-currency-from"></div>
    <div class="col"><span class="icon-swap"><!----></span></div>
    <div class="col"><select class="select-currency">
        <option value="USD">
          USD
        </option>
        <option value="EUR">
          EUR
        </option>
        <option value="NOK">
          NOK
        </option>
        <option value="HRK">
          HRK
        </option>
        <option value="GBP">
          GBP
        </option>
        <option value="RUB">
          RUB
        </option>
        <option value="AUD">
          AUD
        </option>
        <option value="CZK">
          CZK
        </option>
        <option value="INR">
          INR
        </option>
        <option value="JPY">
          JPY
        </option>
        <option value="CNY">
          CNY
        </option>
      </select> <input type="text" disabled="disabled" class="input-currency-to"></div>
  </div>
  <div class="row"><span class="message">Select currencies to convert!</span></div>
</div>
`;
